// Jest Snapshot v1, https://goo.gl/fbAQLP

exports[`test TotalPrice component component should render correct income&outcome number 1`] = `ShallowWrapper {}`;
